// Jest Snapshot v1, https://goo.gl/fbAQLP

exports[`TutorialPage Component should render the ConnectedTutorialPage component 1`] = `
<Component
  getThread={[Function]}
  getWalkthrough={[Function]}
  thread={
    Object {
      "pending": true,
    }
  }
/>
`;

exports[`TutorialPage Component should render the TutorialPage component error state 1`] = `""`;

exports[`TutorialPage Component should render the TutorialPage component fulfilled state 1`] = `
<Fragment>
  <Grid
    bsClass="container"
    componentClass="div"
    fluid={true}
  >
    <Row
      bsClass="row"
      componentClass="div"
    >
      <withRouter(Connect(Masthead)) />
    </Row>
    <Row
      bsClass="row"
      componentClass="div"
    >
      <Col
        bsClass="col"
        className="integr8ly-task-container"
        componentClass="div"
        sm={9}
        xs={12}
      >
        <div
          className="integr8ly-task-dashboard-header"
        >
          <h3>
            Example
          </h3>
          <Button
            active={false}
            block={false}
            bsClass="btn"
            bsStyle="primary"
            disabled={false}
            onClick={[Function]}
          >
            tutorial.getStarted
          </Button>
        </div>
        <div
          dangerouslySetInnerHTML={
            Object {
              "__html": "<div class=\\"literalblock\\">
<div class=\\"content\\">
<pre>This is a sample description</pre>
</div>
</div>",
            }
          }
        />
      </Col>
      <Col
        bsClass="col"
        className="integr8ly-module-frame"
        componentClass="div"
        sm={3}
      >
        <Connect(WalkthroughResources) />
      </Col>
    </Row>
    <Row
      bsClass="row"
      componentClass="div"
    >
      <Col
        bsClass="col"
        componentClass="div"
        sm={9}
        xs={12}
      >
        <h1
          className="pf-c-title pf-m-2xl"
        >
          tutorial.tasksToComplete
          <div
            className="pull-right integr8ly-task-dashboard-time-to-completion"
          >
            <Icon
              name="clock"
              type="fa"
            />
            <span
              className="integr8ly-task-dashboard-time-to-completion_minutes"
            >
              0
               
              tutorial.minutes
            </span>
          </div>
        </h1>
        <ListView
          className="integr8ly-list-view-pf"
        />
        <div
          className="pull-right integr8ly-task-dashboard-time-to-completion"
        >
          <Button
            active={false}
            block={false}
            bsClass="btn"
            bsStyle="primary"
            disabled={false}
            onClick={[Function]}
          >
            tutorial.getStarted
          </Button>
        </div>
      </Col>
    </Row>
  </Grid>
</Fragment>
`;

exports[`TutorialPage Component should render the TutorialPage component pending state 1`] = `""`;
